// Jest Snapshot v1, https://goo.gl/fbAQLP

exports[`CreatePlaylist component renders Playlist component correctly 1`] = `
<LoadableComponent
  playlist={
    Object {
      "description": "",
      "image": "https://mosaic.scdn.co/640/129c6e4a622dc50c0802042780f92631a9dcc14056cc004f3ff47cff0ad8fcf05461730a193d8d8263b1ad734c51e06c7faee7fc95fd3abf0bbb9bbe6f4c08a3f6b73b062d6ea8384add3e3889814448",
      "name": "Top Tracks",
      "numberOfTracks": 1,
      "tracks": Array [
        Object {
          "album": "Gone Now",
          "artist": "Bleachers",
          "id": "3ySU5vwQB33iGulwcUL9qQ",
          "title": "Don't Take The Money",
        },
      ],
      "url": "https://open.spotify.com/playlist/6yZesRjpu9OPKCM77N2EQt",
    }
  }
/>
`;

exports[`CreatePlaylist component renders PlaylistForm correctly 1`] = `
<PlaylistForm
  createPlaylist={[Function]}
  description=""
  handleChange={[Function]}
  name="user's Top Tracks"
  numberOfTracks={25}
/>
`;

exports[`CreatePlaylist component renders with error correctly 1`] = `
<LoadableComponent
  error="Request failed"
/>
`;

exports[`CreatePlaylist component renders with pending correctly 1`] = `
<glamorous(div)>
  Loading...
</glamorous(div)>
`;
