// Jest Snapshot v1, https://goo.gl/fbAQLP

exports[`Navbar component renders with auth correctly 1`] = `
<glamorous(nav)
  id="nav"
  open={false}
>
  <glamorous(div)
    onClick={[Function]}
  >
    <Link
      replace={false}
      to="/"
    >
      stuck
      <span>
        Song
      </span>
    </Link>
  </glamorous(div)>
  <glamorous(div)
    className="mobile-menu"
    onClick={[Function]}
  >
    <span />
  </glamorous(div)>
  <glamorous(div)
    className="navbar-links"
  >
    <NavLink
      activeClassName="active"
      aria-current="page"
      key="0"
      onClick={[Function]}
      to="/top-tracks"
    >
      tracks
    </NavLink>
    <NavLink
      activeClassName="active"
      aria-current="page"
      key="1"
      onClick={[Function]}
      to="/top-artists"
    >
      artists
    </NavLink>
    <NavLink
      activeClassName="active"
      aria-current="page"
      key="2"
      onClick={[Function]}
      to="/recently-played"
    >
      recently played
    </NavLink>
    <NavLink
      activeClassName="active"
      aria-current="page"
      key="3"
      onClick={[Function]}
      to="/create-playlist"
    >
      create a playlist
    </NavLink>
  </glamorous(div)>
  <glamorous(glamorous(div))
    className="logout-link"
  >
    <a
      href="/auth/logout"
    >
      logout
    </a>
  </glamorous(glamorous(div))>
</glamorous(nav)>
`;

exports[`Navbar component renders without auth correctly 1`] = `<div />`;
